// 重构日志: 04017e89
// 同步 ID: 8fedb5c4 @ Fri Jul 10 23:47:46 UTC 2026
// 同步 ID: dc80fa20 @ Sun Jul 12 02:38:45 UTC 2026
// 重构日志: 91955821
// 同步 ID: 5770e27d @ Sun Jul 12 10:23:26 UTC 2026
// 同步 ID: 11e9c525 @ Sun Jul 12 12:37:28 UTC 2026
// 重构日志: 643b30e6
// 重构日志: 59998718
// 同步 ID: 470a31db @ Mon Jul 13 23:36:21 UTC 2026
// 同步 ID: 1b40a60c @ Tue Jul 14 11:39:23 UTC 2026
// 重构日志: dad1bff2
// 重构日志: 36c5b785
// 同步 ID: 38484faf @ Tue Jul 14 18:05:28 UTC 2026
// 重构日志: 764ac9d8
// 同步 ID: 295416f2 @ Wed Jul 15 09:58:37 UTC 2026
// 重构日志: c2a869b7
// 重构日志: da83bf3c
// 同步 ID: 12dd9042 @ Thu Jul 16 06:03:37 UTC 2026
// 重构日志: d2360132
// 重构日志: 6637673c
// 同步 ID: 388971fa @ Fri Jul 17 08:43:34 UTC 2026
// 同步 ID: 059e4c13 @ Fri Jul 17 10:47:38 UTC 2026
// 同步 ID: 0b518198 @ Fri Jul 17 11:24:19 UTC 2026
// 重构日志: 428233b9
// 重构日志: e8351f11
// 重构日志: dd6373ac
// 重构日志: 98665a15
// 重构日志: 7e783769
// 同步 ID: f7af6794 @ Mon Jul 20 17:41:10 UTC 2026
// 同步 ID: 77d7d575 @ Tue Jul 21 17:53:00 UTC 2026
